test_agreement (test_contract.ContractTests.test_agreement) ... ok
test_exact_false (test_contract.ContractTests.test_exact_false) ... ok
test_exact_true (test_contract.ContractTests.test_exact_true) ... ok
test_false_accept (test_contract.ContractTests.test_false_accept) ... ok
test_missing (test_contract.ContractTests.test_missing) ... ok
test_no_integer_coercion (test_contract.ContractTests.test_no_integer_coercion) ... ok
test_not_drop_uuid_or_error (test_contract.ContractTests.test_not_drop_uuid_or_error) ... ok
test_other_fields_do_not_change_target (test_contract.ContractTests.test_other_fields_do_not_change_target) ... ok
test_partial_is_not_full (test_contract.ContractTests.test_partial_is_not_full) ... ok
test_projection_only_drops_elapsed (test_contract.ContractTests.test_projection_only_drops_elapsed) ... ok
test_wrong_value (test_contract.ContractTests.test_wrong_value) ... ok
test_changed_event_state_rejected (test_evidence.EvidenceTests.test_changed_event_state_rejected) ... ERROR
test_changed_target_rejected (test_evidence.EvidenceTests.test_changed_target_rejected) ... ERROR
test_contact_terminal (test_evidence.EvidenceTests.test_contact_terminal) ... ERROR
test_error_counter_rejected (test_evidence.EvidenceTests.test_error_counter_rejected) ... ERROR
test_event_counter_rejected (test_evidence.EvidenceTests.test_event_counter_rejected) ... ERROR
test_invalid_score_rejected (test_evidence.EvidenceTests.test_invalid_score_rejected) ... ERROR
test_latest_snapshot (test_evidence.EvidenceTests.test_latest_snapshot) ... ERROR
test_original_regression (test_evidence.EvidenceTests.test_original_regression) ... ERROR
test_original_success (test_evidence.EvidenceTests.test_original_success) ... ERROR
test_reminder_terminal (test_evidence.EvidenceTests.test_reminder_terminal) ... ERROR
test_stale_final_settings_rejected (test_evidence.EvidenceTests.test_stale_final_settings_rejected) ... ERROR
test_swapped_terminal_label_rejected (test_evidence.EvidenceTests.test_swapped_terminal_label_rejected) ... ERROR
test_unknown_case_rejected (test_evidence.EvidenceTests.test_unknown_case_rejected) ... ERROR
test_original_reminder_correct_uses_documented_read (test_reminder_regression.ReminderHarnessRegression.test_original_reminder_correct_uses_documented_read) ... ok

======================================================================
ERROR: test_changed_event_state_rejected (test_evidence.EvidenceTests.test_changed_event_state_rejected)
----------------------------------------------------------------------
Traceback (most recent call last):
  File "/mnt/data/R12_Public_Evaluator_Audit/tests/test_evidence.py", line 38, in test_changed_event_state_rejected
    with self.assertRaises(ValueError):check_record(r)
                                       ^^^^^^^^^^^^^^^
  File "/mnt/data/R12_Public_Evaluator_Audit/src/evidence_check.py", line 6, in check_record
    raise NotImplementedError
NotImplementedError

======================================================================
ERROR: test_changed_target_rejected (test_evidence.EvidenceTests.test_changed_target_rejected)
----------------------------------------------------------------------
Traceback (most recent call last):
  File "/mnt/data/R12_Public_Evaluator_Audit/tests/test_evidence.py", line 32, in test_changed_target_rejected
    with self.assertRaises(ValueError):check_record(r)
                                       ^^^^^^^^^^^^^^^
  File "/mnt/data/R12_Public_Evaluator_Audit/src/evidence_check.py", line 6, in check_record
    raise NotImplementedError
NotImplementedError

======================================================================
ERROR: test_contact_terminal (test_evidence.EvidenceTests.test_contact_terminal)
----------------------------------------------------------------------
Traceback (most recent call last):
  File "/mnt/data/R12_Public_Evaluator_Audit/tests/test_evidence.py", line 41, in test_contact_terminal
    self.assertFalse(check_record(r)['terminal_valid'])
                     ^^^^^^^^^^^^^^^
  File "/mnt/data/R12_Public_Evaluator_Audit/src/evidence_check.py", line 6, in check_record
    raise NotImplementedError
NotImplementedError

======================================================================
ERROR: test_error_counter_rejected (test_evidence.EvidenceTests.test_error_counter_rejected)
----------------------------------------------------------------------
Traceback (most recent call last):
  File "/mnt/data/R12_Public_Evaluator_Audit/tests/test_evidence.py", line 23, in test_error_counter_rejected
    with self.assertRaises(ValueError):check_record(r)
                                       ^^^^^^^^^^^^^^^
  File "/mnt/data/R12_Public_Evaluator_Audit/src/evidence_check.py", line 6, in check_record
    raise NotImplementedError
NotImplementedError

======================================================================
ERROR: test_event_counter_rejected (test_evidence.EvidenceTests.test_event_counter_rejected)
----------------------------------------------------------------------
Traceback (most recent call last):
  File "/mnt/data/R12_Public_Evaluator_Audit/tests/test_evidence.py", line 26, in test_event_counter_rejected
    with self.assertRaises(ValueError):check_record(r)
                                       ^^^^^^^^^^^^^^^
  File "/mnt/data/R12_Public_Evaluator_Audit/src/evidence_check.py", line 6, in check_record
    raise NotImplementedError
NotImplementedError

======================================================================
ERROR: test_invalid_score_rejected (test_evidence.EvidenceTests.test_invalid_score_rejected)
----------------------------------------------------------------------
Traceback (most recent call last):
  File "/mnt/data/R12_Public_Evaluator_Audit/tests/test_evidence.py", line 29, in test_invalid_score_rejected
    with self.assertRaises(ValueError):check_record(r)
                                       ^^^^^^^^^^^^^^^
  File "/mnt/data/R12_Public_Evaluator_Audit/src/evidence_check.py", line 6, in check_record
    raise NotImplementedError
NotImplementedError

======================================================================
ERROR: test_latest_snapshot (test_evidence.EvidenceTests.test_latest_snapshot)
----------------------------------------------------------------------
Traceback (most recent call last):
  File "/mnt/data/R12_Public_Evaluator_Audit/tests/test_evidence.py", line 12, in test_latest_snapshot
    self.assertEqual(latest_rows(x,'SETTING'),[{'wifi':True}])
                     ^^^^^^^^^^^^^^^^^^^^^^^^
  File "/mnt/data/R12_Public_Evaluator_Audit/src/evidence_check.py", line 3, in latest_rows
    raise NotImplementedError
NotImplementedError

======================================================================
ERROR: test_original_regression (test_evidence.EvidenceTests.test_original_regression)
----------------------------------------------------------------------
Traceback (most recent call last):
  File "/mnt/data/R12_Public_Evaluator_Audit/tests/test_evidence.py", line 14, in test_original_regression
    def test_original_regression(self): self.assertTrue(check_record(self.regression)['full_score_terminal_mismatch'])
                                                        ^^^^^^^^^^^^^^^^^^^^^^^^^^^^^
  File "/mnt/data/R12_Public_Evaluator_Audit/src/evidence_check.py", line 6, in check_record
    raise NotImplementedError
NotImplementedError

======================================================================
ERROR: test_original_success (test_evidence.EvidenceTests.test_original_success)
----------------------------------------------------------------------
Traceback (most recent call last):
  File "/mnt/data/R12_Public_Evaluator_Audit/tests/test_evidence.py", line 13, in test_original_success
    def test_original_success(self): self.assertTrue(check_record(self.good)['terminal_valid'])
                                                     ^^^^^^^^^^^^^^^^^^^^^^^
  File "/mnt/data/R12_Public_Evaluator_Audit/src/evidence_check.py", line 6, in check_record
    raise NotImplementedError
NotImplementedError

======================================================================
ERROR: test_reminder_terminal (test_evidence.EvidenceTests.test_reminder_terminal)
----------------------------------------------------------------------
Traceback (most recent call last):
  File "/mnt/data/R12_Public_Evaluator_Audit/tests/test_evidence.py", line 44, in test_reminder_terminal
    self.assertTrue(check_record(r)['terminal_valid'])
                    ^^^^^^^^^^^^^^^
  File "/mnt/data/R12_Public_Evaluator_Audit/src/evidence_check.py", line 6, in check_record
    raise NotImplementedError
NotImplementedError

======================================================================
ERROR: test_stale_final_settings_rejected (test_evidence.EvidenceTests.test_stale_final_settings_rejected)
----------------------------------------------------------------------
Traceback (most recent call last):
  File "/mnt/data/R12_Public_Evaluator_Audit/tests/test_evidence.py", line 20, in test_stale_final_settings_rejected
    with self.assertRaises(ValueError):check_record(r)
                                       ^^^^^^^^^^^^^^^
  File "/mnt/data/R12_Public_Evaluator_Audit/src/evidence_check.py", line 6, in check_record
    raise NotImplementedError
NotImplementedError

======================================================================
ERROR: test_swapped_terminal_label_rejected (test_evidence.EvidenceTests.test_swapped_terminal_label_rejected)
----------------------------------------------------------------------
Traceback (most recent call last):
  File "/mnt/data/R12_Public_Evaluator_Audit/tests/test_evidence.py", line 17, in test_swapped_terminal_label_rejected
    with self.assertRaises(ValueError):check_record(r)
                                       ^^^^^^^^^^^^^^^
  File "/mnt/data/R12_Public_Evaluator_Audit/src/evidence_check.py", line 6, in check_record
    raise NotImplementedError
NotImplementedError

======================================================================
ERROR: test_unknown_case_rejected (test_evidence.EvidenceTests.test_unknown_case_rejected)
----------------------------------------------------------------------
Traceback (most recent call last):
  File "/mnt/data/R12_Public_Evaluator_Audit/tests/test_evidence.py", line 35, in test_unknown_case_rejected
    with self.assertRaises(ValueError):check_record(r)
                                       ^^^^^^^^^^^^^^^
  File "/mnt/data/R12_Public_Evaluator_Audit/src/evidence_check.py", line 6, in check_record
    raise NotImplementedError
NotImplementedError

----------------------------------------------------------------------
Ran 25 tests in 0.939s

FAILED (errors=13)
