test_agreement (test_contract.ContractTests.test_agreement) ... ok
test_exact_false (test_contract.ContractTests.test_exact_false) ... ok
test_exact_true (test_contract.ContractTests.test_exact_true) ... ok
test_false_accept (test_contract.ContractTests.test_false_accept) ... ok
test_missing (test_contract.ContractTests.test_missing) ... ok
test_no_integer_coercion (test_contract.ContractTests.test_no_integer_coercion) ... ok
test_not_drop_uuid_or_error (test_contract.ContractTests.test_not_drop_uuid_or_error) ... ok
test_other_fields_do_not_change_target (test_contract.ContractTests.test_other_fields_do_not_change_target) ... ok
test_partial_is_not_full (test_contract.ContractTests.test_partial_is_not_full) ... ok
test_projection_only_drops_elapsed (test_contract.ContractTests.test_projection_only_drops_elapsed) ... ok
test_wrong_value (test_contract.ContractTests.test_wrong_value) ... ok
test_original_reminder_correct_uses_documented_read (test_reminder_regression.ReminderHarnessRegression.test_original_reminder_correct_uses_documented_read) ... ERROR

======================================================================
ERROR: test_original_reminder_correct_uses_documented_read (test_reminder_regression.ReminderHarnessRegression.test_original_reminder_correct_uses_documented_read)
----------------------------------------------------------------------
Traceback (most recent call last):
  File "/mnt/data/R12_Public_Evaluator_Audit/tests/test_reminder_regression.py", line 5, in test_original_reminder_correct_uses_documented_read
    result = run_case('modify_reminder_with_recency_latest','correct')
             ^^^^^^^^^^^^^^^^^^^^^^^^^^^^^^^^^^^^^^^^^^^^^^^^^^^^^^^^^
  File "/mnt/data/R12_Public_Evaluator_Audit/src/supplement.py", line 43, in run_case
    rows=call('search_reminder',{})['value'];assert max(rows,key=lambda r:r['creation_timestamp'])['reminder_id']==targets[0]
                                                    ^^^^^^^^^^^^^^^^^^^^^^^^^^^^^^^^^^^^^^^^^^^^^^
TypeError: 'NoneType' object is not iterable

----------------------------------------------------------------------
Ran 12 tests in 0.693s

FAILED (errors=1)
