{
  "phase": "R11_RETROSPECTIVE_PROPOSAL_AND_CONTRACT_SYNTHESIS",
  "new_remote_model_calls": 0,
  "new_model_episodes": 0,
  "original_episodes": 48,
  "original_proposals": 70,
  "original_rejections": 22,
  "native_branch_transitions": 280,
  "first_proposal_branch_transitions": 192,
  "retries_branch_transitions": 88,
  "original_all_condition_branches_equal": 70,
  "original_scores_replayed_equal": 48,
  "input_hashes": {
    "R10_feedback_inner.zip": "8bfc5a830dfe94fb9d4df09f82f1df965b1cd0565f7c2f74df45b7efc6f71dd7",
    "R10_handoff.zip": "aece2409470c9773047fe328185e297d9f60c2601b0741ea569fb28ec6efcce5"
  },
  "bundle_manifest_files": 1091,
  "original_source_files": 38,
  "summaries": [
    {
      "subset": "first",
      "mode": "none",
      "proposals": 48,
      "committed_safe": 40,
      "committed_unsafe": 8,
      "rejected_safe_patch": 0,
      "rejected_unsafe_patch": 0
    },
    {
      "subset": "first",
      "mode": "row",
      "proposals": 48,
      "committed_safe": 26,
      "committed_unsafe": 8,
      "rejected_safe_patch": 14,
      "rejected_unsafe_patch": 0
    },
    {
      "subset": "first",
      "mode": "selection",
      "proposals": 48,
      "committed_safe": 40,
      "committed_unsafe": 0,
      "rejected_safe_patch": 0,
      "rejected_unsafe_patch": 8
    },
    {
      "subset": "first",
      "mode": "all",
      "proposals": 48,
      "committed_safe": 26,
      "committed_unsafe": 0,
      "rejected_safe_patch": 14,
      "rejected_unsafe_patch": 8
    },
    {
      "subset": "all",
      "mode": "none",
      "proposals": 70,
      "committed_safe": 62,
      "committed_unsafe": 8,
      "rejected_safe_patch": 0,
      "rejected_unsafe_patch": 0
    },
    {
      "subset": "all",
      "mode": "row",
      "proposals": 70,
      "committed_safe": 48,
      "committed_unsafe": 8,
      "rejected_safe_patch": 14,
      "rejected_unsafe_patch": 0
    },
    {
      "subset": "all",
      "mode": "selection",
      "proposals": 70,
      "committed_safe": 62,
      "committed_unsafe": 0,
      "rejected_safe_patch": 0,
      "rejected_unsafe_patch": 8
    },
    {
      "subset": "all",
      "mode": "all",
      "proposals": 70,
      "committed_safe": 48,
      "committed_unsafe": 0,
      "rejected_safe_patch": 14,
      "rejected_unsafe_patch": 8
    }
  ],
  "first_unsafe_unique_cases": [
    "x03",
    "x09"
  ],
  "identification": "Same saved business arguments and prestate; retain only subsets of ORIGINAL submitted predicates. No newly synthesized predicates. Fixed-action transition effects, not alternative-policy value or full-agent failure rate. Conditional requests are allowed control flow.",
  "timing_not_used_as_performance_result": true
}

