test_dialog_not_state (test_census_rules.CensusTests.test_dialog_not_state) ... ok
test_guardrail_not_target (test_census_rules.CensusTests.test_guardrail_not_target) ... ok
test_information (test_census_rules.CensusTests.test_information) ... ok
test_message_with_prerequisite (test_census_rules.CensusTests.test_message_with_prerequisite) ... ok
test_missing_info_first (test_census_rules.CensusTests.test_missing_info_first) ... ok
test_revision_not_terminalize_all (test_census_rules.CensusTests.test_revision_not_terminalize_all) ... ok
test_setting_prerequisite (test_census_rules.CensusTests.test_setting_prerequisite) ... ok
test_setting_target (test_census_rules.CensusTests.test_setting_target) ... ok
test_final_state_alone_insufficient (test_native_scope.NativeScopeTests.test_final_state_alone_insufficient) ... ERROR
test_legitimate_error_not_violation (test_native_scope.NativeScopeTests.test_legitimate_error_not_violation) ... ERROR
test_missing_final_revision (test_native_scope.NativeScopeTests.test_missing_final_revision) ... ERROR
test_official_correct_revision (test_native_scope.NativeScopeTests.test_official_correct_revision) ... ERROR
test_undo_latest_goal (test_native_scope.NativeScopeTests.test_undo_latest_goal) ... ERROR
test_always_not_eventual (test_scope_logic.ScopeTests.test_always_not_eventual) ... ok
test_and_bad_type (test_scope_logic.ScopeTests.test_and_bad_type) ... ok
test_and_false (test_scope_logic.ScopeTests.test_and_false) ... ok
test_and_true (test_scope_logic.ScopeTests.test_and_true) ... ok
test_and_unknown (test_scope_logic.ScopeTests.test_and_unknown) ... ok
test_bool_not_index (test_scope_logic.ScopeTests.test_bool_not_index) ... ok
test_empty_and_unknown (test_scope_logic.ScopeTests.test_empty_and_unknown) ... ok
test_empty_rejected (test_scope_logic.ScopeTests.test_empty_rejected) ... ok
test_end_beyond (test_scope_logic.ScopeTests.test_end_beyond) ... ok
test_eventual_reverted (test_scope_logic.ScopeTests.test_eventual_reverted) ... ok
test_false_dominates_always (test_scope_logic.ScopeTests.test_false_dominates_always) ... ok
test_integer_not_boolean (test_scope_logic.ScopeTests.test_integer_not_boolean) ... ok
test_known_witness (test_scope_logic.ScopeTests.test_known_witness) ... ok
test_missing_final (test_scope_logic.ScopeTests.test_missing_final) ... ok
test_mode_validation (test_scope_logic.ScopeTests.test_mode_validation) ... ok
test_negative_start (test_scope_logic.ScopeTests.test_negative_start) ... ok
test_repair_final (test_scope_logic.ScopeTests.test_repair_final) ... ok
test_repair_not_invariant (test_scope_logic.ScopeTests.test_repair_not_invariant) ... ok
test_retired_goal (test_scope_logic.ScopeTests.test_retired_goal) ... ok
test_reverse_interval (test_scope_logic.ScopeTests.test_reverse_interval) ... ok
test_revision_only_after_activation (test_scope_logic.ScopeTests.test_revision_only_after_activation) ... ok
test_string_not_boolean (test_scope_logic.ScopeTests.test_string_not_boolean) ... ok
test_terminal_reverted (test_scope_logic.ScopeTests.test_terminal_reverted) ... ok
test_true_singleton (test_scope_logic.ScopeTests.test_true_singleton) ... ok
test_unknown_always (test_scope_logic.ScopeTests.test_unknown_always) ... ok
test_unknown_eventual (test_scope_logic.ScopeTests.test_unknown_eventual) ... ok

======================================================================
ERROR: test_final_state_alone_insufficient (test_native_scope.NativeScopeTests.test_final_state_alone_insufficient)
----------------------------------------------------------------------
Traceback (most recent call last):
  File "/mnt/data/r13_work/R13_Temporal_Scope_Audit/tests/test_native_scope.py", line 11, in test_final_state_alone_insufficient
    r=run_case('no_effect');self.assertIs(r['latest_terminal_only'],True);self.assertIs(r['scoped_contract'],False);self.assertLess(r['official_evaluation']['similarity'],1)
      ^^^^^^^^^^^^^^^^^^^^^
  File "/mnt/data/r13_work/R13_Temporal_Scope_Audit/src/native_scope_cases.py", line 2, in run_case
    def run_case(variant):raise NotImplementedError
                          ^^^^^^^^^^^^^^^^^^^^^^^^^
NotImplementedError

======================================================================
ERROR: test_legitimate_error_not_violation (test_native_scope.NativeScopeTests.test_legitimate_error_not_violation)
----------------------------------------------------------------------
Traceback (most recent call last):
  File "/mnt/data/r13_work/R13_Temporal_Scope_Audit/tests/test_native_scope.py", line 13, in test_legitimate_error_not_violation
    r=run_case('redundant_error_then_revision');self.assertEqual(r['tool_errors'],1);self.assertIs(r['scoped_contract'],True);self.assertEqual(r['official_evaluation']['similarity'],1.0)
      ^^^^^^^^^^^^^^^^^^^^^^^^^^^^^^^^^^^^^^^^^
  File "/mnt/data/r13_work/R13_Temporal_Scope_Audit/src/native_scope_cases.py", line 2, in run_case
    def run_case(variant):raise NotImplementedError
                          ^^^^^^^^^^^^^^^^^^^^^^^^^
NotImplementedError

======================================================================
ERROR: test_missing_final_revision (test_native_scope.NativeScopeTests.test_missing_final_revision)
----------------------------------------------------------------------
Traceback (most recent call last):
  File "/mnt/data/r13_work/R13_Temporal_Scope_Audit/tests/test_native_scope.py", line 7, in test_missing_final_revision
    r=run_case('missing_final_revision');self.assertIs(r['scoped_contract'],False);self.assertLess(r['official_evaluation']['similarity'],1)
      ^^^^^^^^^^^^^^^^^^^^^^^^^^^^^^^^^^
  File "/mnt/data/r13_work/R13_Temporal_Scope_Audit/src/native_scope_cases.py", line 2, in run_case
    def run_case(variant):raise NotImplementedError
                          ^^^^^^^^^^^^^^^^^^^^^^^^^
NotImplementedError

======================================================================
ERROR: test_official_correct_revision (test_native_scope.NativeScopeTests.test_official_correct_revision)
----------------------------------------------------------------------
Traceback (most recent call last):
  File "/mnt/data/r13_work/R13_Temporal_Scope_Audit/tests/test_native_scope.py", line 5, in test_official_correct_revision
    r=run_case('correct_revision');self.assertEqual(r['official_evaluation']['similarity'],1.0);self.assertIs(r['scoped_contract'],True);self.assertIs(r['blanket_all_goals_terminal'],False);self.assertEqual(r['tool_errors'],0)
      ^^^^^^^^^^^^^^^^^^^^^^^^^^^^
  File "/mnt/data/r13_work/R13_Temporal_Scope_Audit/src/native_scope_cases.py", line 2, in run_case
    def run_case(variant):raise NotImplementedError
                          ^^^^^^^^^^^^^^^^^^^^^^^^^
NotImplementedError

======================================================================
ERROR: test_undo_latest_goal (test_native_scope.NativeScopeTests.test_undo_latest_goal)
----------------------------------------------------------------------
Traceback (most recent call last):
  File "/mnt/data/r13_work/R13_Temporal_Scope_Audit/tests/test_native_scope.py", line 9, in test_undo_latest_goal
    r=run_case('undo_latest_goal');self.assertEqual(r['official_evaluation']['similarity'],1.0);self.assertIs(r['scoped_contract'],False)
      ^^^^^^^^^^^^^^^^^^^^^^^^^^^^
  File "/mnt/data/r13_work/R13_Temporal_Scope_Audit/src/native_scope_cases.py", line 2, in run_case
    def run_case(variant):raise NotImplementedError
                          ^^^^^^^^^^^^^^^^^^^^^^^^^
NotImplementedError

----------------------------------------------------------------------
Ran 39 tests in 0.001s

FAILED (errors=5)
